// Vitest Snapshot v1, https://vitest.dev/guide/snapshot.html

exports[`navbar > snapshot testing > should render correctly and match the snapshot 1`] = `
{
  "asFragment": [Function],
  "baseElement": <body>
    <div>
      <div
        class="navbar"
      >
        <div
          class="navbar__logo__container"
        >
          <a
            href="/"
          >
            <img
              alt="applicaiton logo"
              class="navbar__logo__image"
              src="path/to/logo"
            />
          </a>
          <p
            class="navbar__logo__title typo_text-2"
          >
            Laboratory
          </p>
        </div>
        <div
          class="navbar__buttons__container"
        />
      </div>
    </div>
  </body>,
  "container": <div>
    <div
      class="navbar"
    >
      <div
        class="navbar__logo__container"
      >
        <a
          href="/"
        >
          <img
            alt="applicaiton logo"
            class="navbar__logo__image"
            src="path/to/logo"
          />
        </a>
        <p
          class="navbar__logo__title typo_text-2"
        >
          Laboratory
        </p>
      </div>
      <div
        class="navbar__buttons__container"
      />
    </div>
  </div>,
  "debug": [Function],
  "findAllByAltText": [Function],
  "findAllByDisplayValue": [Function],
  "findAllByLabelText": [Function],
  "findAllByPlaceholderText": [Function],
  "findAllByRole": [Function],
  "findAllByTestId": [Function],
  "findAllByText": [Function],
  "findAllByTitle": [Function],
  "findByAltText": [Function],
  "findByDisplayValue": [Function],
  "findByLabelText": [Function],
  "findByPlaceholderText": [Function],
  "findByRole": [Function],
  "findByTestId": [Function],
  "findByText": [Function],
  "findByTitle": [Function],
  "getAllByAltText": [Function],
  "getAllByDisplayValue": [Function],
  "getAllByLabelText": [Function],
  "getAllByPlaceholderText": [Function],
  "getAllByRole": [Function],
  "getAllByTestId": [Function],
  "getAllByText": [Function],
  "getAllByTitle": [Function],
  "getByAltText": [Function],
  "getByDisplayValue": [Function],
  "getByLabelText": [Function],
  "getByPlaceholderText": [Function],
  "getByRole": [Function],
  "getByTestId": [Function],
  "getByText": [Function],
  "getByTitle": [Function],
  "queryAllByAltText": [Function],
  "queryAllByDisplayValue": [Function],
  "queryAllByLabelText": [Function],
  "queryAllByPlaceholderText": [Function],
  "queryAllByRole": [Function],
  "queryAllByTestId": [Function],
  "queryAllByText": [Function],
  "queryAllByTitle": [Function],
  "queryByAltText": [Function],
  "queryByDisplayValue": [Function],
  "queryByLabelText": [Function],
  "queryByPlaceholderText": [Function],
  "queryByRole": [Function],
  "queryByTestId": [Function],
  "queryByText": [Function],
  "queryByTitle": [Function],
  "rerender": [Function],
  "unmount": [Function],
}
`;
